========== 系统资源巡检报告 ==========
巡检时间：2026-06-25 11:40:01
主机名：dangdang

[CPU]
  使用率：21.1%
/root/ops-toolkit/scripts/sys_monitor.sh: 第 15 行：[: 21.1：需要整数表达式

[内存]
  使用率：39%

[磁盘]
  使用率：60%

[系统负载]
  1/5/15分钟： 0.10, 0.11, 0.04

[僵尸进程]
  数量：0

========== 巡检结束 ==========
========== 系统资源巡检报告 ==========
巡检时间：2026-06-25 11:50:01
主机名：dangdang

[CPU]
  使用率：29.7%
/root/ops-toolkit/scripts/sys_monitor.sh: 第 15 行：[: 29.7：需要整数表达式

[内存]
  使用率：39%

[磁盘]
  使用率：60%

[系统负载]
  1/5/15分钟： 0.00, 0.00, 0.00

[僵尸进程]
  数量：0

========== 巡检结束 ==========
========== 系统资源巡检报告 ==========
巡检时间：2026-06-25 12:00:01
主机名：dangdang

[CPU]
  使用率：24.6%
/root/ops-toolkit/scripts/sys_monitor.sh: 第 15 行：[: 24.6：需要整数表达式

[内存]
  使用率：39%

[磁盘]
  使用率：60%

[系统负载]
  1/5/15分钟： 0.00, 0.00, 0.00

[僵尸进程]
  数量：0

========== 巡检结束 ==========
========== 系统资源巡检报告 ==========
巡检时间：2026-06-26 18:00:01
主机名：dangdang

[CPU]
  使用率：54.7%
/root/ops-toolkit/scripts/sys_monitor.sh: 第 15 行：[: 54.7：需要整数表达式

[内存]
  使用率：45%

[磁盘]
  使用率：60%

[系统负载]
  1/5/15分钟： 0.43, 0.11, 0.04

[僵尸进程]
  数量：0

========== 巡检结束 ==========
========== 系统资源巡检报告 ==========
巡检时间：2026-06-26 18:10:01
主机名：dangdang

[CPU]
  使用率：21.5%
/root/ops-toolkit/scripts/sys_monitor.sh: 第 15 行：[: 21.5：需要整数表达式

[内存]
  使用率：38%

[磁盘]
  使用率：60%

[系统负载]
  1/5/15分钟： 0.13, 0.06, 0.04

[僵尸进程]
  数量：0

========== 巡检结束 ==========
========== 系统资源巡检报告 ==========
巡检时间：2026-06-26 18:20:01
主机名：dangdang

[CPU]
  使用率：24.2%
/root/ops-toolkit/scripts/sys_monitor.sh: 第 15 行：[: 24.2：需要整数表达式

[内存]
  使用率：38%

[磁盘]
  使用率：60%

[系统负载]
  1/5/15分钟： 0.00, 0.00, 0.00

[僵尸进程]
  数量：0

========== 巡检结束 ==========
========== 系统资源巡检报告 ==========
巡检时间：2026-06-26 18:30:01
主机名：dangdang

[CPU]
  使用率：13.6%
/root/ops-toolkit/scripts/sys_monitor.sh: 第 15 行：[: 13.6：需要整数表达式

[内存]
  使用率：38%

[磁盘]
  使用率：60%

[系统负载]
  1/5/15分钟： 0.00, 0.00, 0.00

[僵尸进程]
  数量：0

========== 巡检结束 ==========
========== 系统资源巡检报告 ==========
巡检时间：2026-06-26 18:40:02
主机名：dangdang

[CPU]
  使用率：23.9%
/root/ops-toolkit/scripts/sys_monitor.sh: 第 15 行：[: 23.9：需要整数表达式

[内存]
  使用率：40%

[磁盘]
  使用率：60%

[系统负载]
  1/5/15分钟： 0.01, 0.02, 0.00

[僵尸进程]
  数量：0

========== 巡检结束 ==========
========== 系统资源巡检报告 ==========
巡检时间：2026-06-26 18:50:01
主机名：dangdang

[CPU]
  使用率：22.4%
/root/ops-toolkit/scripts/sys_monitor.sh: 第 15 行：[: 22.4：需要整数表达式

[内存]
  使用率：39%

[磁盘]
  使用率：60%

[系统负载]
  1/5/15分钟： 0.00, 0.00, 0.00

[僵尸进程]
  数量：0

========== 巡检结束 ==========
========== 系统资源巡检报告 ==========
巡检时间：2026-06-26 19:00:01
主机名：dangdang

[CPU]
  使用率：23.2%
/root/ops-toolkit/scripts/sys_monitor.sh: 第 15 行：[: 23.2：需要整数表达式

[内存]
  使用率：39%

[磁盘]
  使用率：60%

[系统负载]
  1/5/15分钟： 0.00, 0.00, 0.00

[僵尸进程]
  数量：0

========== 巡检结束 ==========
